    Checking gofer v0.1.0 (/home/e5ash/storage/vibe/gofer)
warning: unused import: `std::collections::HashMap`
 --> src/indexer/parser/lang_manager/mod.rs:2:5
  |
2 | use std::collections::HashMap;
  |     ^^^^^^^^^^^^^^^^^^^^^^^^^
  |
  = note: `#[warn(unused_imports)]` (part of `#[warn(unused)]`) on by default

warning: unused import: `Path`
 --> src/indexer/parser/lang_manager/mod.rs:3:17
  |
3 | use std::path::{Path, PathBuf};
  |                 ^^^^

error[E0308]: mismatched types
    --> src/indexer/parser/chunking.rs:81:38
     |
  81 |         let Some(child) = root.child(i) else { continue };
     |                                ----- ^ expected `u32`, found `usize`
     |                                |
     |                                arguments to this method are incorrect
     |
note: method defined here
    --> /home/e5ash/.cargo/registry/src/index.crates.io-1949cf8c6b5b557f/tree-sitter-0.26.7/binding_rust/lib.rs:1713:12
     |
1713 |     pub fn child(&self, i: u32) -> Option<Self> {
     |            ^^^^^
help: you can convert a `usize` to a `u32` and panic if the converted value doesn't fit
     |
  81 |         let Some(child) = root.child(i.try_into().unwrap()) else { continue };
     |                                       ++++++++++++++++++++

error[E0308]: mismatched types
    --> src/indexer/parser/chunking.rs:239:42
     |
 239 |             let Some(child) = node.child(i) else { continue };
     |                                    ----- ^ expected `u32`, found `usize`
     |                                    |
     |                                    arguments to this method are incorrect
     |
note: method defined here
    --> /home/e5ash/.cargo/registry/src/index.crates.io-1949cf8c6b5b557f/tree-sitter-0.26.7/binding_rust/lib.rs:1713:12
     |
1713 |     pub fn child(&self, i: u32) -> Option<Self> {
     |            ^^^^^
help: you can convert a `usize` to a `u32` and panic if the converted value doesn't fit
     |
 239 |             let Some(child) = node.child(i.try_into().unwrap()) else { continue };
     |                                           ++++++++++++++++++++

error[E0308]: mismatched types
    --> src/indexer/parser/chunking.rs:454:49
     |
 454 |                 if let Some(child) = node.child(i) {
     |                                           ----- ^ expected `u32`, found `usize`
     |                                           |
     |                                           arguments to this method are incorrect
     |
note: method defined here
    --> /home/e5ash/.cargo/registry/src/index.crates.io-1949cf8c6b5b557f/tree-sitter-0.26.7/binding_rust/lib.rs:1713:12
     |
1713 |     pub fn child(&self, i: u32) -> Option<Self> {
     |            ^^^^^
help: you can convert a `usize` to a `u32` and panic if the converted value doesn't fit
     |
 454 |                 if let Some(child) = node.child(i.try_into().unwrap()) {
     |                                                  ++++++++++++++++++++

error[E0308]: mismatched types
    --> src/indexer/parser/chunking.rs:476:49
     |
 476 |                 if let Some(child) = node.child(i) {
     |                                           ----- ^ expected `u32`, found `usize`
     |                                           |
     |                                           arguments to this method are incorrect
     |
note: method defined here
    --> /home/e5ash/.cargo/registry/src/index.crates.io-1949cf8c6b5b557f/tree-sitter-0.26.7/binding_rust/lib.rs:1713:12
     |
1713 |     pub fn child(&self, i: u32) -> Option<Self> {
     |            ^^^^^
help: you can convert a `usize` to a `u32` and panic if the converted value doesn't fit
     |
 476 |                 if let Some(child) = node.child(i.try_into().unwrap()) {
     |                                                  ++++++++++++++++++++

error[E0308]: mismatched types
    --> src/indexer/parser/chunking.rs:487:49
     |
 487 |                 if let Some(child) = node.child(i) {
     |                                           ----- ^ expected `u32`, found `usize`
     |                                           |
     |                                           arguments to this method are incorrect
     |
note: method defined here
    --> /home/e5ash/.cargo/registry/src/index.crates.io-1949cf8c6b5b557f/tree-sitter-0.26.7/binding_rust/lib.rs:1713:12
     |
1713 |     pub fn child(&self, i: u32) -> Option<Self> {
     |            ^^^^^
help: you can convert a `usize` to a `u32` and panic if the converted value doesn't fit
     |
 487 |                 if let Some(child) = node.child(i.try_into().unwrap()) {
     |                                                  ++++++++++++++++++++

error[E0308]: mismatched types
    --> src/indexer/parser/core.rs:442:53
     |
 442 |                     if let Some(child) = root.child(i) {
     |                                               ----- ^ expected `u32`, found `usize`
     |                                               |
     |                                               arguments to this method are incorrect
     |
note: method defined here
    --> /home/e5ash/.cargo/registry/src/index.crates.io-1949cf8c6b5b557f/tree-sitter-0.26.7/binding_rust/lib.rs:1713:12
     |
1713 |     pub fn child(&self, i: u32) -> Option<Self> {
     |            ^^^^^
help: you can convert a `usize` to a `u32` and panic if the converted value doesn't fit
     |
 442 |                     if let Some(child) = root.child(i.try_into().unwrap()) {
     |                                                      ++++++++++++++++++++

error[E0308]: mismatched types
    --> src/indexer/parser/core.rs:446:66
     |
 446 | ...                   if let Some(inner) = child.child(j) {
     |                                                  ----- ^ expected `u32`, found `usize`
     |                                                  |
     |                                                  arguments to this method are incorrect
     |
note: method defined here
    --> /home/e5ash/.cargo/registry/src/index.crates.io-1949cf8c6b5b557f/tree-sitter-0.26.7/binding_rust/lib.rs:1713:12
     |
1713 |     pub fn child(&self, i: u32) -> Option<Self> {
     |            ^^^^^
help: you can convert a `usize` to a `u32` and panic if the converted value doesn't fit
     |
 446 |                                 if let Some(inner) = child.child(j.try_into().unwrap()) {
     |                                                                   ++++++++++++++++++++

error[E0308]: mismatched types
    --> src/indexer/parser/core.rs:778:49
     |
 778 |                 if let Some(child) = node.child(i) {
     |                                           ----- ^ expected `u32`, found `usize`
     |                                           |
     |                                           arguments to this method are incorrect
     |
note: method defined here
    --> /home/e5ash/.cargo/registry/src/index.crates.io-1949cf8c6b5b557f/tree-sitter-0.26.7/binding_rust/lib.rs:1713:12
     |
1713 |     pub fn child(&self, i: u32) -> Option<Self> {
     |            ^^^^^
help: you can convert a `usize` to a `u32` and panic if the converted value doesn't fit
     |
 778 |                 if let Some(child) = node.child(i.try_into().unwrap()) {
     |                                                  ++++++++++++++++++++

error[E0308]: mismatched types
    --> src/indexer/parser/core.rs:901:42
     |
 901 |             let child = match root.child(i) {
     |                                    ----- ^ expected `u32`, found `usize`
     |                                    |
     |                                    arguments to this method are incorrect
     |
note: method defined here
    --> /home/e5ash/.cargo/registry/src/index.crates.io-1949cf8c6b5b557f/tree-sitter-0.26.7/binding_rust/lib.rs:1713:12
     |
1713 |     pub fn child(&self, i: u32) -> Option<Self> {
     |            ^^^^^
help: you can convert a `usize` to a `u32` and panic if the converted value doesn't fit
     |
 901 |             let child = match root.child(i.try_into().unwrap()) {
     |                                           ++++++++++++++++++++

error[E0308]: mismatched types
    --> src/indexer/parser/core.rs:986:53
     |
 986 |                     if let Some(child) = node.child(j) {
     |                                               ----- ^ expected `u32`, found `usize`
     |                                               |
     |                                               arguments to this method are incorrect
     |
note: method defined here
    --> /home/e5ash/.cargo/registry/src/index.crates.io-1949cf8c6b5b557f/tree-sitter-0.26.7/binding_rust/lib.rs:1713:12
     |
1713 |     pub fn child(&self, i: u32) -> Option<Self> {
     |            ^^^^^
help: you can convert a `usize` to a `u32` and panic if the converted value doesn't fit
     |
 986 |                     if let Some(child) = node.child(j.try_into().unwrap()) {
     |                                                      ++++++++++++++++++++

error[E0308]: mismatched types
    --> src/indexer/parser/core.rs:1026:42
     |
1026 |             let child = match root.child(i) {
     |                                    ----- ^ expected `u32`, found `usize`
     |                                    |
     |                                    arguments to this method are incorrect
     |
note: method defined here
    --> /home/e5ash/.cargo/registry/src/index.crates.io-1949cf8c6b5b557f/tree-sitter-0.26.7/binding_rust/lib.rs:1713:12
     |
1713 |     pub fn child(&self, i: u32) -> Option<Self> {
     |            ^^^^^
help: you can convert a `usize` to a `u32` and panic if the converted value doesn't fit
     |
1026 |             let child = match root.child(i.try_into().unwrap()) {
     |                                           ++++++++++++++++++++

error[E0308]: mismatched types
    --> src/indexer/parser/core.rs:1068:42
     |
1068 |             let child = match node.child(j) {
     |                                    ----- ^ expected `u32`, found `usize`
     |                                    |
     |                                    arguments to this method are incorrect
     |
note: method defined here
    --> /home/e5ash/.cargo/registry/src/index.crates.io-1949cf8c6b5b557f/tree-sitter-0.26.7/binding_rust/lib.rs:1713:12
     |
1713 |     pub fn child(&self, i: u32) -> Option<Self> {
     |            ^^^^^
help: you can convert a `usize` to a `u32` and panic if the converted value doesn't fit
     |
1068 |             let child = match node.child(j.try_into().unwrap()) {
     |                                           ++++++++++++++++++++

error[E0308]: mismatched types
    --> src/indexer/parser/core.rs:1083:55
     |
1083 |                         if let Some(id) = child.child(k) {
     |                                                 ----- ^ expected `u32`, found `usize`
     |                                                 |
     |                                                 arguments to this method are incorrect
     |
note: method defined here
    --> /home/e5ash/.cargo/registry/src/index.crates.io-1949cf8c6b5b557f/tree-sitter-0.26.7/binding_rust/lib.rs:1713:12
     |
1713 |     pub fn child(&self, i: u32) -> Option<Self> {
     |            ^^^^^
help: you can convert a `usize` to a `u32` and panic if the converted value doesn't fit
     |
1083 |                         if let Some(id) = child.child(k.try_into().unwrap()) {
     |                                                        ++++++++++++++++++++

error[E0308]: mismatched types
    --> src/indexer/parser/core.rs:1095:63
     |
1095 |                         if let Some(spec) = child.named_child(k) {
     |                                                   ----------- ^ expected `u32`, found `usize`
     |                                                   |
     |                                                   arguments to this method are incorrect
     |
note: method defined here
    --> /home/e5ash/.cargo/registry/src/index.crates.io-1949cf8c6b5b557f/tree-sitter-0.26.7/binding_rust/lib.rs:1732:12
     |
1732 |     pub fn named_child(&self, i: u32) -> Option<Self> {
     |            ^^^^^^^^^^^
help: you can convert a `usize` to a `u32` and panic if the converted value doesn't fit
     |
1095 |                         if let Some(spec) = child.named_child(k.try_into().unwrap()) {
     |                                                                ++++++++++++++++++++

error[E0308]: mismatched types
    --> src/indexer/parser/core.rs:1124:42
     |
1124 |             let child = match node.child(i) {
     |                                    ----- ^ expected `u32`, found `usize`
     |                                    |
     |                                    arguments to this method are incorrect
     |
note: method defined here
    --> /home/e5ash/.cargo/registry/src/index.crates.io-1949cf8c6b5b557f/tree-sitter-0.26.7/binding_rust/lib.rs:1713:12
     |
1713 |     pub fn child(&self, i: u32) -> Option<Self> {
     |            ^^^^^
help: you can convert a `usize` to a `u32` and panic if the converted value doesn't fit
     |
1124 |             let child = match node.child(i.try_into().unwrap()) {
     |                                           ++++++++++++++++++++

error[E0308]: mismatched types
    --> src/indexer/parser/core.rs:1133:68
     |
1133 |                         if let Some(name_node) = child.named_child(j) {
     |                                                        ----------- ^ expected `u32`, found `usize`
     |                                                        |
     |                                                        arguments to this method are incorrect
     |
note: method defined here
    --> /home/e5ash/.cargo/registry/src/index.crates.io-1949cf8c6b5b557f/tree-sitter-0.26.7/binding_rust/lib.rs:1732:12
     |
1732 |     pub fn named_child(&self, i: u32) -> Option<Self> {
     |            ^^^^^^^^^^^
help: you can convert a `usize` to a `u32` and panic if the converted value doesn't fit
     |
1133 |                         if let Some(name_node) = child.named_child(j.try_into().unwrap()) {
     |                                                                     ++++++++++++++++++++

error[E0308]: mismatched types
    --> src/indexer/parser/core.rs:1171:60
     |
1171 |                         if let Some(n) = child.named_child(j) {
     |                                                ----------- ^ expected `u32`, found `usize`
     |                                                |
     |                                                arguments to this method are incorrect
     |
note: method defined here
    --> /home/e5ash/.cargo/registry/src/index.crates.io-1949cf8c6b5b557f/tree-sitter-0.26.7/binding_rust/lib.rs:1732:12
     |
1732 |     pub fn named_child(&self, i: u32) -> Option<Self> {
     |            ^^^^^^^^^^^
help: you can convert a `usize` to a `u32` and panic if the converted value doesn't fit
     |
1171 |                         if let Some(n) = child.named_child(j.try_into().unwrap()) {
     |                                                             ++++++++++++++++++++

error[E0308]: mismatched types
    --> src/indexer/parser/core.rs:1240:42
     |
1240 |             let child = match root.child(i) {
     |                                    ----- ^ expected `u32`, found `usize`
     |                                    |
     |                                    arguments to this method are incorrect
     |
note: method defined here
    --> /home/e5ash/.cargo/registry/src/index.crates.io-1949cf8c6b5b557f/tree-sitter-0.26.7/binding_rust/lib.rs:1713:12
     |
1713 |     pub fn child(&self, i: u32) -> Option<Self> {
     |            ^^^^^
help: you can convert a `usize` to a `u32` and panic if the converted value doesn't fit
     |
1240 |             let child = match root.child(i.try_into().unwrap()) {
     |                                           ++++++++++++++++++++

error[E0308]: mismatched types
    --> src/indexer/parser/core.rs:1249:55
     |
1249 |                 if let Some(spec) = child.named_child(j) {
     |                                           ----------- ^ expected `u32`, found `usize`
     |                                           |
     |                                           arguments to this method are incorrect
     |
note: method defined here
    --> /home/e5ash/.cargo/registry/src/index.crates.io-1949cf8c6b5b557f/tree-sitter-0.26.7/binding_rust/lib.rs:1732:12
     |
1732 |     pub fn named_child(&self, i: u32) -> Option<Self> {
     |            ^^^^^^^^^^^
help: you can convert a `usize` to a `u32` and panic if the converted value doesn't fit
     |
1249 |                 if let Some(spec) = child.named_child(j.try_into().unwrap()) {
     |                                                        ++++++++++++++++++++

error[E0308]: mismatched types
    --> src/indexer/parser/core.rs:1256:71
     |
1256 | ...                   if let Some(inner) = spec.named_child(k) {
     |                                                 ----------- ^ expected `u32`, found `usize`
     |                                                 |
     |                                                 arguments to this method are incorrect
     |
note: method defined here
    --> /home/e5ash/.cargo/registry/src/index.crates.io-1949cf8c6b5b557f/tree-sitter-0.26.7/binding_rust/lib.rs:1732:12
     |
1732 |     pub fn named_child(&self, i: u32) -> Option<Self> {
     |            ^^^^^^^^^^^
help: you can convert a `usize` to a `u32` and panic if the converted value doesn't fit
     |
1256 |                                 if let Some(inner) = spec.named_child(k.try_into().unwrap()) {
     |                                                                        ++++++++++++++++++++

error[E0308]: mismatched types
    --> src/indexer/parser/skeleton.rs:95:49
     |
  95 |                 if let Some(child) = node.child(i) {
     |                                           ----- ^ expected `u32`, found `usize`
     |                                           |
     |                                           arguments to this method are incorrect
     |
note: method defined here
    --> /home/e5ash/.cargo/registry/src/index.crates.io-1949cf8c6b5b557f/tree-sitter-0.26.7/binding_rust/lib.rs:1713:12
     |
1713 |     pub fn child(&self, i: u32) -> Option<Self> {
     |            ^^^^^
help: you can convert a `usize` to a `u32` and panic if the converted value doesn't fit
     |
  95 |                 if let Some(child) = node.child(i.try_into().unwrap()) {
     |                                                  ++++++++++++++++++++

error[E0308]: mismatched types
    --> src/indexer/parser/skeleton.rs:104:49
     |
 104 |                 if let Some(child) = node.child(i) {
     |                                           ----- ^ expected `u32`, found `usize`
     |                                           |
     |                                           arguments to this method are incorrect
     |
note: method defined here
    --> /home/e5ash/.cargo/registry/src/index.crates.io-1949cf8c6b5b557f/tree-sitter-0.26.7/binding_rust/lib.rs:1713:12
     |
1713 |     pub fn child(&self, i: u32) -> Option<Self> {
     |            ^^^^^
help: you can convert a `usize` to a `u32` and panic if the converted value doesn't fit
     |
 104 |                 if let Some(child) = node.child(i.try_into().unwrap()) {
     |                                                  ++++++++++++++++++++

error[E0308]: mismatched types
    --> src/indexer/parser/skeleton.rs:115:41
     |
 115 |         if let Some(child) = node.child(i) {
     |                                   ----- ^ expected `u32`, found `usize`
     |                                   |
     |                                   arguments to this method are incorrect
     |
note: method defined here
    --> /home/e5ash/.cargo/registry/src/index.crates.io-1949cf8c6b5b557f/tree-sitter-0.26.7/binding_rust/lib.rs:1713:12
     |
1713 |     pub fn child(&self, i: u32) -> Option<Self> {
     |            ^^^^^
help: you can convert a `usize` to a `u32` and panic if the converted value doesn't fit
     |
 115 |         if let Some(child) = node.child(i.try_into().unwrap()) {
     |                                          ++++++++++++++++++++

error[E0308]: mismatched types
    --> src/indexer/parser/skeleton.rs:146:49
     |
 146 |                 if let Some(child) = node.child(i) {
     |                                           ----- ^ expected `u32`, found `usize`
     |                                           |
     |                                           arguments to this method are incorrect
     |
note: method defined here
    --> /home/e5ash/.cargo/registry/src/index.crates.io-1949cf8c6b5b557f/tree-sitter-0.26.7/binding_rust/lib.rs:1713:12
     |
1713 |     pub fn child(&self, i: u32) -> Option<Self> {
     |            ^^^^^
help: you can convert a `usize` to a `u32` and panic if the converted value doesn't fit
     |
 146 |                 if let Some(child) = node.child(i.try_into().unwrap()) {
     |                                                  ++++++++++++++++++++

error[E0308]: mismatched types
    --> src/indexer/parser/skeleton.rs:157:41
     |
 157 |         if let Some(child) = node.child(i) {
     |                                   ----- ^ expected `u32`, found `usize`
     |                                   |
     |                                   arguments to this method are incorrect
     |
note: method defined here
    --> /home/e5ash/.cargo/registry/src/index.crates.io-1949cf8c6b5b557f/tree-sitter-0.26.7/binding_rust/lib.rs:1713:12
     |
1713 |     pub fn child(&self, i: u32) -> Option<Self> {
     |            ^^^^^
help: you can convert a `usize` to a `u32` and panic if the converted value doesn't fit
     |
 157 |         if let Some(child) = node.child(i.try_into().unwrap()) {
     |                                          ++++++++++++++++++++

error[E0308]: mismatched types
    --> src/indexer/parser/skeleton.rs:183:49
     |
 183 |                 if let Some(child) = node.child(i) {
     |                                           ----- ^ expected `u32`, found `usize`
     |                                           |
     |                                           arguments to this method are incorrect
     |
note: method defined here
    --> /home/e5ash/.cargo/registry/src/index.crates.io-1949cf8c6b5b557f/tree-sitter-0.26.7/binding_rust/lib.rs:1713:12
     |
1713 |     pub fn child(&self, i: u32) -> Option<Self> {
     |            ^^^^^
help: you can convert a `usize` to a `u32` and panic if the converted value doesn't fit
     |
 183 |                 if let Some(child) = node.child(i.try_into().unwrap()) {
     |                                                  ++++++++++++++++++++

error[E0308]: mismatched types
    --> src/indexer/parser/skeleton.rs:193:53
     |
 193 |                     if let Some(child) = body.child(i) {
     |                                               ----- ^ expected `u32`, found `usize`
     |                                               |
     |                                               arguments to this method are incorrect
     |
note: method defined here
    --> /home/e5ash/.cargo/registry/src/index.crates.io-1949cf8c6b5b557f/tree-sitter-0.26.7/binding_rust/lib.rs:1713:12
     |
1713 |     pub fn child(&self, i: u32) -> Option<Self> {
     |            ^^^^^
help: you can convert a `usize` to a `u32` and panic if the converted value doesn't fit
     |
 193 |                     if let Some(child) = body.child(i.try_into().unwrap()) {
     |                                                      ++++++++++++++++++++

error[E0308]: mismatched types
    --> src/indexer/parser/skeleton.rs:204:41
     |
 204 |         if let Some(child) = node.child(i) {
     |                                   ----- ^ expected `u32`, found `usize`
     |                                   |
     |                                   arguments to this method are incorrect
     |
note: method defined here
    --> /home/e5ash/.cargo/registry/src/index.crates.io-1949cf8c6b5b557f/tree-sitter-0.26.7/binding_rust/lib.rs:1713:12
     |
1713 |     pub fn child(&self, i: u32) -> Option<Self> {
     |            ^^^^^
help: you can convert a `usize` to a `u32` and panic if the converted value doesn't fit
     |
 204 |         if let Some(child) = node.child(i.try_into().unwrap()) {
     |                                          ++++++++++++++++++++

error[E0308]: mismatched types
    --> src/indexer/parser/skeleton.rs:269:41
     |
 269 |         if let Some(child) = node.child(i) {
     |                                   ----- ^ expected `u32`, found `usize`
     |                                   |
     |                                   arguments to this method are incorrect
     |
note: method defined here
    --> /home/e5ash/.cargo/registry/src/index.crates.io-1949cf8c6b5b557f/tree-sitter-0.26.7/binding_rust/lib.rs:1713:12
     |
1713 |     pub fn child(&self, i: u32) -> Option<Self> {
     |            ^^^^^
help: you can convert a `usize` to a `u32` and panic if the converted value doesn't fit
     |
 269 |         if let Some(child) = node.child(i.try_into().unwrap()) {
     |                                          ++++++++++++++++++++

error[E0308]: mismatched types
    --> src/indexer/parser/type_fields.rs:117:37
     |
 117 |         let Some(node) = root.child(i) else { continue };
     |                               ----- ^ expected `u32`, found `usize`
     |                               |
     |                               arguments to this method are incorrect
     |
note: method defined here
    --> /home/e5ash/.cargo/registry/src/index.crates.io-1949cf8c6b5b557f/tree-sitter-0.26.7/binding_rust/lib.rs:1713:12
     |
1713 |     pub fn child(&self, i: u32) -> Option<Self> {
     |            ^^^^^
help: you can convert a `usize` to a `u32` and panic if the converted value doesn't fit
     |
 117 |         let Some(node) = root.child(i.try_into().unwrap()) else { continue };
     |                                      ++++++++++++++++++++

error[E0308]: mismatched types
    --> src/indexer/parser/type_fields.rs:135:37
     |
 135 |         let Some(node) = root.child(i) else { continue };
     |                               ----- ^ expected `u32`, found `usize`
     |                               |
     |                               arguments to this method are incorrect
     |
note: method defined here
    --> /home/e5ash/.cargo/registry/src/index.crates.io-1949cf8c6b5b557f/tree-sitter-0.26.7/binding_rust/lib.rs:1713:12
     |
1713 |     pub fn child(&self, i: u32) -> Option<Self> {
     |            ^^^^^
help: you can convert a `usize` to a `u32` and panic if the converted value doesn't fit
     |
 135 |         let Some(node) = root.child(i.try_into().unwrap()) else { continue };
     |                                      ++++++++++++++++++++

error[E0308]: mismatched types
    --> src/indexer/parser/type_fields.rs:154:42
     |
 154 |             let Some(child) = body.child(i) else { continue };
     |                                    ----- ^ expected `u32`, found `usize`
     |                                    |
     |                                    arguments to this method are incorrect
     |
note: method defined here
    --> /home/e5ash/.cargo/registry/src/index.crates.io-1949cf8c6b5b557f/tree-sitter-0.26.7/binding_rust/lib.rs:1713:12
     |
1713 |     pub fn child(&self, i: u32) -> Option<Self> {
     |            ^^^^^
help: you can convert a `usize` to a `u32` and panic if the converted value doesn't fit
     |
 154 |             let Some(child) = body.child(i.try_into().unwrap()) else { continue };
     |                                           ++++++++++++++++++++

error[E0308]: mismatched types
    --> src/indexer/parser/type_fields.rs:183:37
     |
 183 |         let Some(node) = root.child(i) else { continue };
     |                               ----- ^ expected `u32`, found `usize`
     |                               |
     |                               arguments to this method are incorrect
     |
note: method defined here
    --> /home/e5ash/.cargo/registry/src/index.crates.io-1949cf8c6b5b557f/tree-sitter-0.26.7/binding_rust/lib.rs:1713:12
     |
1713 |     pub fn child(&self, i: u32) -> Option<Self> {
     |            ^^^^^
help: you can convert a `usize` to a `u32` and panic if the converted value doesn't fit
     |
 183 |         let Some(node) = root.child(i.try_into().unwrap()) else { continue };
     |                                      ++++++++++++++++++++

error[E0308]: mismatched types
    --> src/indexer/parser/type_fields.rs:197:46
     |
 197 |                 let Some(inner) = node.child(j) else { continue };
     |                                        ----- ^ expected `u32`, found `usize`
     |                                        |
     |                                        arguments to this method are incorrect
     |
note: method defined here
    --> /home/e5ash/.cargo/registry/src/index.crates.io-1949cf8c6b5b557f/tree-sitter-0.26.7/binding_rust/lib.rs:1713:12
     |
1713 |     pub fn child(&self, i: u32) -> Option<Self> {
     |            ^^^^^
help: you can convert a `usize` to a `u32` and panic if the converted value doesn't fit
     |
 197 |                 let Some(inner) = node.child(j.try_into().unwrap()) else { continue };
     |                                               ++++++++++++++++++++

error[E0308]: mismatched types
    --> src/indexer/parser/type_fields.rs:219:37
     |
 219 |         let Some(node) = root.child(i) else { continue };
     |                               ----- ^ expected `u32`, found `usize`
     |                               |
     |                               arguments to this method are incorrect
     |
note: method defined here
    --> /home/e5ash/.cargo/registry/src/index.crates.io-1949cf8c6b5b557f/tree-sitter-0.26.7/binding_rust/lib.rs:1713:12
     |
1713 |     pub fn child(&self, i: u32) -> Option<Self> {
     |            ^^^^^
help: you can convert a `usize` to a `u32` and panic if the converted value doesn't fit
     |
 219 |         let Some(node) = root.child(i.try_into().unwrap()) else { continue };
     |                                      ++++++++++++++++++++

error[E0308]: mismatched types
    --> src/indexer/parser/type_fields.rs:245:45
     |
 245 |             if let Some(child) = node.child(i) {
     |                                       ----- ^ expected `u32`, found `usize`
     |                                       |
     |                                       arguments to this method are incorrect
     |
note: method defined here
    --> /home/e5ash/.cargo/registry/src/index.crates.io-1949cf8c6b5b557f/tree-sitter-0.26.7/binding_rust/lib.rs:1713:12
     |
1713 |     pub fn child(&self, i: u32) -> Option<Self> {
     |            ^^^^^
help: you can convert a `usize` to a `u32` and panic if the converted value doesn't fit
     |
 245 |             if let Some(child) = node.child(i.try_into().unwrap()) {
     |                                              ++++++++++++++++++++

error[E0308]: mismatched types
    --> src/indexer/parser/type_fields.rs:275:38
     |
 275 |         let Some(child) = body.child(i) else { continue };
     |                                ----- ^ expected `u32`, found `usize`
     |                                |
     |                                arguments to this method are incorrect
     |
note: method defined here
    --> /home/e5ash/.cargo/registry/src/index.crates.io-1949cf8c6b5b557f/tree-sitter-0.26.7/binding_rust/lib.rs:1713:12
     |
1713 |     pub fn child(&self, i: u32) -> Option<Self> {
     |            ^^^^^
help: you can convert a `usize` to a `u32` and panic if the converted value doesn't fit
     |
 275 |         let Some(child) = body.child(i.try_into().unwrap()) else { continue };
     |                                       ++++++++++++++++++++

error[E0308]: mismatched types
    --> src/indexer/parser/type_fields.rs:261:45
     |
 261 |             if let Some(child) = node.child(i) {
     |                                       ----- ^ expected `u32`, found `usize`
     |                                       |
     |                                       arguments to this method are incorrect
     |
note: method defined here
    --> /home/e5ash/.cargo/registry/src/index.crates.io-1949cf8c6b5b557f/tree-sitter-0.26.7/binding_rust/lib.rs:1713:12
     |
1713 |     pub fn child(&self, i: u32) -> Option<Self> {
     |            ^^^^^
help: you can convert a `usize` to a `u32` and panic if the converted value doesn't fit
     |
 261 |             if let Some(child) = node.child(i.try_into().unwrap()) {
     |                                              ++++++++++++++++++++

error[E0308]: mismatched types
    --> src/indexer/parser/type_fields.rs:304:37
     |
 304 |         let Some(node) = root.child(i) else { continue };
     |                               ----- ^ expected `u32`, found `usize`
     |                               |
     |                               arguments to this method are incorrect
     |
note: method defined here
    --> /home/e5ash/.cargo/registry/src/index.crates.io-1949cf8c6b5b557f/tree-sitter-0.26.7/binding_rust/lib.rs:1713:12
     |
1713 |     pub fn child(&self, i: u32) -> Option<Self> {
     |            ^^^^^
help: you can convert a `usize` to a `u32` and panic if the converted value doesn't fit
     |
 304 |         let Some(node) = root.child(i.try_into().unwrap()) else { continue };
     |                                      ++++++++++++++++++++

error[E0308]: mismatched types
    --> src/indexer/parser/type_fields.rs:311:48
     |
 311 |                     .filter_map(|j| node.child(j))
     |                                          ----- ^ expected `u32`, found `usize`
     |                                          |
     |                                          arguments to this method are incorrect
     |
note: method defined here
    --> /home/e5ash/.cargo/registry/src/index.crates.io-1949cf8c6b5b557f/tree-sitter-0.26.7/binding_rust/lib.rs:1713:12
     |
1713 |     pub fn child(&self, i: u32) -> Option<Self> {
     |            ^^^^^
help: you can convert a `usize` to a `u32` and panic if the converted value doesn't fit
     |
 311 |                     .filter_map(|j| node.child(j.try_into().unwrap()))
     |                                                 ++++++++++++++++++++

error[E0308]: mismatched types
    --> src/indexer/parser/type_fields.rs:337:37
     |
 337 |         let Some(node) = root.child(i) else { continue };
     |                               ----- ^ expected `u32`, found `usize`
     |                               |
     |                               arguments to this method are incorrect
     |
note: method defined here
    --> /home/e5ash/.cargo/registry/src/index.crates.io-1949cf8c6b5b557f/tree-sitter-0.26.7/binding_rust/lib.rs:1713:12
     |
1713 |     pub fn child(&self, i: u32) -> Option<Self> {
     |            ^^^^^
help: you can convert a `usize` to a `u32` and panic if the converted value doesn't fit
     |
 337 |         let Some(node) = root.child(i.try_into().unwrap()) else { continue };
     |                                      ++++++++++++++++++++

error[E0308]: mismatched types
    --> src/indexer/parser/type_fields.rs:342:44
     |
 342 |                 .filter_map(|j| node.child(j))
     |                                      ----- ^ expected `u32`, found `usize`
     |                                      |
     |                                      arguments to this method are incorrect
     |
note: method defined here
    --> /home/e5ash/.cargo/registry/src/index.crates.io-1949cf8c6b5b557f/tree-sitter-0.26.7/binding_rust/lib.rs:1713:12
     |
1713 |     pub fn child(&self, i: u32) -> Option<Self> {
     |            ^^^^^
help: you can convert a `usize` to a `u32` and panic if the converted value doesn't fit
     |
 342 |                 .filter_map(|j| node.child(j.try_into().unwrap()))
     |                                             ++++++++++++++++++++

error[E0308]: mismatched types
    --> src/indexer/parser/type_fields.rs:372:38
     |
 372 |         let Some(child) = body.child(i) else { continue };
     |                                ----- ^ expected `u32`, found `usize`
     |                                |
     |                                arguments to this method are incorrect
     |
note: method defined here
    --> /home/e5ash/.cargo/registry/src/index.crates.io-1949cf8c6b5b557f/tree-sitter-0.26.7/binding_rust/lib.rs:1713:12
     |
1713 |     pub fn child(&self, i: u32) -> Option<Self> {
     |            ^^^^^
help: you can convert a `usize` to a `u32` and panic if the converted value doesn't fit
     |
 372 |         let Some(child) = body.child(i.try_into().unwrap()) else { continue };
     |                                       ++++++++++++++++++++

error[E0308]: mismatched types
    --> src/indexer/parser/type_fields.rs:404:37
     |
 404 |         let Some(node) = root.child(i) else { continue };
     |                               ----- ^ expected `u32`, found `usize`
     |                               |
     |                               arguments to this method are incorrect
     |
note: method defined here
    --> /home/e5ash/.cargo/registry/src/index.crates.io-1949cf8c6b5b557f/tree-sitter-0.26.7/binding_rust/lib.rs:1713:12
     |
1713 |     pub fn child(&self, i: u32) -> Option<Self> {
     |            ^^^^^
help: you can convert a `usize` to a `u32` and panic if the converted value doesn't fit
     |
 404 |         let Some(node) = root.child(i.try_into().unwrap()) else { continue };
     |                                      ++++++++++++++++++++

error[E0308]: mismatched types
    --> src/indexer/parser/type_fields.rs:407:45
     |
 407 |                 let Some(spec) = node.child(j) else { continue };
     |                                       ----- ^ expected `u32`, found `usize`
     |                                       |
     |                                       arguments to this method are incorrect
     |
note: method defined here
    --> /home/e5ash/.cargo/registry/src/index.crates.io-1949cf8c6b5b557f/tree-sitter-0.26.7/binding_rust/lib.rs:1713:12
     |
1713 |     pub fn child(&self, i: u32) -> Option<Self> {
     |            ^^^^^
help: you can convert a `usize` to a `u32` and panic if the converted value doesn't fit
     |
 407 |                 let Some(spec) = node.child(j.try_into().unwrap()) else { continue };
     |                                              ++++++++++++++++++++

error[E0308]: mismatched types
    --> src/indexer/parser/type_fields.rs:427:37
     |
 427 |         let Some(node) = root.child(i) else { continue };
     |                               ----- ^ expected `u32`, found `usize`
     |                               |
     |                               arguments to this method are incorrect
     |
note: method defined here
    --> /home/e5ash/.cargo/registry/src/index.crates.io-1949cf8c6b5b557f/tree-sitter-0.26.7/binding_rust/lib.rs:1713:12
     |
1713 |     pub fn child(&self, i: u32) -> Option<Self> {
     |            ^^^^^
help: you can convert a `usize` to a `u32` and panic if the converted value doesn't fit
     |
 427 |         let Some(node) = root.child(i.try_into().unwrap()) else { continue };
     |                                      ++++++++++++++++++++

error[E0308]: mismatched types
    --> src/indexer/parser/type_fields.rs:430:45
     |
 430 |                 let Some(spec) = node.child(j) else { continue };
     |                                       ----- ^ expected `u32`, found `usize`
     |                                       |
     |                                       arguments to this method are incorrect
     |
note: method defined here
    --> /home/e5ash/.cargo/registry/src/index.crates.io-1949cf8c6b5b557f/tree-sitter-0.26.7/binding_rust/lib.rs:1713:12
     |
1713 |     pub fn child(&self, i: u32) -> Option<Self> {
     |            ^^^^^
help: you can convert a `usize` to a `u32` and panic if the converted value doesn't fit
     |
 430 |                 let Some(spec) = node.child(j.try_into().unwrap()) else { continue };
     |                                              ++++++++++++++++++++

error[E0308]: mismatched types
    --> src/indexer/parser/type_fields.rs:458:49
     |
 458 |             let Some(child) = struct_node.child(i) else {
     |                                           ----- ^ expected `u32`, found `usize`
     |                                           |
     |                                           arguments to this method are incorrect
     |
note: method defined here
    --> /home/e5ash/.cargo/registry/src/index.crates.io-1949cf8c6b5b557f/tree-sitter-0.26.7/binding_rust/lib.rs:1713:12
     |
1713 |     pub fn child(&self, i: u32) -> Option<Self> {
     |            ^^^^^
help: you can convert a `usize` to a `u32` and panic if the converted value doesn't fit
     |
 458 |             let Some(child) = struct_node.child(i.try_into().unwrap()) else {
     |                                                  ++++++++++++++++++++

error[E0308]: mismatched types
    --> src/indexer/parser/type_fields.rs:472:38
     |
 472 |         let Some(child) = body.child(i) else { continue };
     |                                ----- ^ expected `u32`, found `usize`
     |                                |
     |                                arguments to this method are incorrect
     |
note: method defined here
    --> /home/e5ash/.cargo/registry/src/index.crates.io-1949cf8c6b5b557f/tree-sitter-0.26.7/binding_rust/lib.rs:1713:12
     |
1713 |     pub fn child(&self, i: u32) -> Option<Self> {
     |            ^^^^^
help: you can convert a `usize` to a `u32` and panic if the converted value doesn't fit
     |
 472 |         let Some(child) = body.child(i.try_into().unwrap()) else { continue };
     |                                       ++++++++++++++++++++

error[E0308]: mismatched types
    --> src/languages/go.rs:562:37
     |
 562 |         let node = match root.child(i) {
     |                               ----- ^ expected `u32`, found `usize`
     |                               |
     |                               arguments to this method are incorrect
     |
note: method defined here
    --> /home/e5ash/.cargo/registry/src/index.crates.io-1949cf8c6b5b557f/tree-sitter-0.26.7/binding_rust/lib.rs:1713:12
     |
1713 |     pub fn child(&self, i: u32) -> Option<Self> {
     |            ^^^^^
help: you can convert a `usize` to a `u32` and panic if the converted value doesn't fit
     |
 562 |         let node = match root.child(i.try_into().unwrap()) {
     |                                      ++++++++++++++++++++

error[E0308]: mismatched types
    --> src/languages/go.rs:570:45
     |
 570 |                 let spec = match node.child(j) {
     |                                       ----- ^ expected `u32`, found `usize`
     |                                       |
     |                                       arguments to this method are incorrect
     |
note: method defined here
    --> /home/e5ash/.cargo/registry/src/index.crates.io-1949cf8c6b5b557f/tree-sitter-0.26.7/binding_rust/lib.rs:1713:12
     |
1713 |     pub fn child(&self, i: u32) -> Option<Self> {
     |            ^^^^^
help: you can convert a `usize` to a `u32` and panic if the converted value doesn't fit
     |
 570 |                 let spec = match node.child(j.try_into().unwrap()) {
     |                                              ++++++++++++++++++++

error[E0308]: mismatched types
    --> src/languages/go.rs:588:66
     |
 588 |                         let field_list = match struct_node.child(k) {
     |                                                            ----- ^ expected `u32`, found `usize`
     |                                                            |
     |                                                            arguments to this method are incorrect
     |
note: method defined here
    --> /home/e5ash/.cargo/registry/src/index.crates.io-1949cf8c6b5b557f/tree-sitter-0.26.7/binding_rust/lib.rs:1713:12
     |
1713 |     pub fn child(&self, i: u32) -> Option<Self> {
     |            ^^^^^
help: you can convert a `usize` to a `u32` and panic if the converted value doesn't fit
     |
 588 |                         let field_list = match struct_node.child(k.try_into().unwrap()) {
     |                                                                   ++++++++++++++++++++

error[E0308]: mismatched types
    --> src/languages/go.rs:593:64
     |
 593 | ...                   let field = match field_list.child(f) {
     |                                                    ----- ^ expected `u32`, found `usize`
     |                                                    |
     |                                                    arguments to this method are incorrect
     |
note: method defined here
    --> /home/e5ash/.cargo/registry/src/index.crates.io-1949cf8c6b5b557f/tree-sitter-0.26.7/binding_rust/lib.rs:1713:12
     |
1713 |     pub fn child(&self, i: u32) -> Option<Self> {
     |            ^^^^^
help: you can convert a `usize` to a `u32` and panic if the converted value doesn't fit
     |
 593 |                             let field = match field_list.child(f.try_into().unwrap()) {
     |                                                                 ++++++++++++++++++++

error[E0308]: mismatched types
    --> src/languages/vue.rs:231:32
     |
 231 |         let child = root.child(i)?;
     |                          ----- ^ expected `u32`, found `usize`
     |                          |
     |                          arguments to this method are incorrect
     |
note: method defined here
    --> /home/e5ash/.cargo/registry/src/index.crates.io-1949cf8c6b5b557f/tree-sitter-0.26.7/binding_rust/lib.rs:1713:12
     |
1713 |     pub fn child(&self, i: u32) -> Option<Self> {
     |            ^^^^^
help: you can convert a `usize` to a `u32` and panic if the converted value doesn't fit
     |
 231 |         let child = root.child(i.try_into().unwrap())?;
     |                                 ++++++++++++++++++++

error[E0308]: mismatched types
    --> src/languages/vue.rs:239:49
     |
 239 |                     .filter_map(|j| child.child(j))
     |                                           ----- ^ expected `u32`, found `usize`
     |                                           |
     |                                           arguments to this method are incorrect
     |
note: method defined here
    --> /home/e5ash/.cargo/registry/src/index.crates.io-1949cf8c6b5b557f/tree-sitter-0.26.7/binding_rust/lib.rs:1713:12
     |
1713 |     pub fn child(&self, i: u32) -> Option<Self> {
     |            ^^^^^
help: you can convert a `usize` to a `u32` and panic if the converted value doesn't fit
     |
 239 |                     .filter_map(|j| child.child(j.try_into().unwrap()))
     |                                                  ++++++++++++++++++++

error[E0308]: mismatched types
    --> src/languages/vue.rs:244:46
     |
 244 |                     .filter_map(|j| st.child(j))
     |                                        ----- ^ expected `u32`, found `usize`
     |                                        |
     |                                        arguments to this method are incorrect
     |
note: method defined here
    --> /home/e5ash/.cargo/registry/src/index.crates.io-1949cf8c6b5b557f/tree-sitter-0.26.7/binding_rust/lib.rs:1713:12
     |
1713 |     pub fn child(&self, i: u32) -> Option<Self> {
     |            ^^^^^
help: you can convert a `usize` to a `u32` and panic if the converted value doesn't fit
     |
 244 |                     .filter_map(|j| st.child(j.try_into().unwrap()))
     |                                               ++++++++++++++++++++

error[E0308]: mismatched types
    --> src/languages/vue.rs:258:46
     |
 258 |             if let Some(inner) = child.child(j) {
     |                                        ----- ^ expected `u32`, found `usize`
     |                                        |
     |                                        arguments to this method are incorrect
     |
note: method defined here
    --> /home/e5ash/.cargo/registry/src/index.crates.io-1949cf8c6b5b557f/tree-sitter-0.26.7/binding_rust/lib.rs:1713:12
     |
1713 |     pub fn child(&self, i: u32) -> Option<Self> {
     |            ^^^^^
help: you can convert a `usize` to a `u32` and panic if the converted value doesn't fit
     |
 258 |             if let Some(inner) = child.child(j.try_into().unwrap()) {
     |                                               ++++++++++++++++++++

error[E0308]: mismatched types
    --> src/languages/vue.rs:271:46
     |
 271 |             if let Some(inner) = child.child(j) {
     |                                        ----- ^ expected `u32`, found `usize`
     |                                        |
     |                                        arguments to this method are incorrect
     |
note: method defined here
    --> /home/e5ash/.cargo/registry/src/index.crates.io-1949cf8c6b5b557f/tree-sitter-0.26.7/binding_rust/lib.rs:1713:12
     |
1713 |     pub fn child(&self, i: u32) -> Option<Self> {
     |            ^^^^^
help: you can convert a `usize` to a `u32` and panic if the converted value doesn't fit
     |
 271 |             if let Some(inner) = child.child(j.try_into().unwrap()) {
     |                                               ++++++++++++++++++++

error[E0308]: mismatched types
    --> src/languages/vue.rs:281:41
     |
 281 |             .filter_map(|j| child.child(j))
     |                                   ----- ^ expected `u32`, found `usize`
     |                                   |
     |                                   arguments to this method are incorrect
     |
note: method defined here
    --> /home/e5ash/.cargo/registry/src/index.crates.io-1949cf8c6b5b557f/tree-sitter-0.26.7/binding_rust/lib.rs:1713:12
     |
1713 |     pub fn child(&self, i: u32) -> Option<Self> {
     |            ^^^^^
help: you can convert a `usize` to a `u32` and panic if the converted value doesn't fit
     |
 281 |             .filter_map(|j| child.child(j.try_into().unwrap()))
     |                                          ++++++++++++++++++++

error[E0308]: mismatched types
    --> src/languages/vue.rs:285:41
     |
 285 |             .filter_map(|j| child.child(j))
     |                                   ----- ^ expected `u32`, found `usize`
     |                                   |
     |                                   arguments to this method are incorrect
     |
note: method defined here
    --> /home/e5ash/.cargo/registry/src/index.crates.io-1949cf8c6b5b557f/tree-sitter-0.26.7/binding_rust/lib.rs:1713:12
     |
1713 |     pub fn child(&self, i: u32) -> Option<Self> {
     |            ^^^^^
help: you can convert a `usize` to a `u32` and panic if the converted value doesn't fit
     |
 285 |             .filter_map(|j| child.child(j.try_into().unwrap()))
     |                                          ++++++++++++++++++++

error[E0308]: mismatched types
    --> src/languages/vue.rs:390:41
     |
 390 |         if let Some(child) = node.child(i) {
     |                                   ----- ^ expected `u32`, found `usize`
     |                                   |
     |                                   arguments to this method are incorrect
     |
note: method defined here
    --> /home/e5ash/.cargo/registry/src/index.crates.io-1949cf8c6b5b557f/tree-sitter-0.26.7/binding_rust/lib.rs:1713:12
     |
1713 |     pub fn child(&self, i: u32) -> Option<Self> {
     |            ^^^^^
help: you can convert a `usize` to a `u32` and panic if the converted value doesn't fit
     |
 390 |         if let Some(child) = node.child(i.try_into().unwrap()) {
     |                                          ++++++++++++++++++++

error[E0308]: mismatched types
    --> src/languages/vue.rs:406:48
     |
 406 |             if let Some(arg) = args_node.child(i) {
     |                                          ----- ^ expected `u32`, found `usize`
     |                                          |
     |                                          arguments to this method are incorrect
     |
note: method defined here
    --> /home/e5ash/.cargo/registry/src/index.crates.io-1949cf8c6b5b557f/tree-sitter-0.26.7/binding_rust/lib.rs:1713:12
     |
1713 |     pub fn child(&self, i: u32) -> Option<Self> {
     |            ^^^^^
help: you can convert a `usize` to a `u32` and panic if the converted value doesn't fit
     |
 406 |             if let Some(arg) = args_node.child(i.try_into().unwrap()) {
     |                                                 ++++++++++++++++++++

error[E0308]: mismatched types
    --> src/languages/vue.rs:424:48
     |
 424 |             if let Some(arg) = args_node.child(i) {
     |                                          ----- ^ expected `u32`, found `usize`
     |                                          |
     |                                          arguments to this method are incorrect
     |
note: method defined here
    --> /home/e5ash/.cargo/registry/src/index.crates.io-1949cf8c6b5b557f/tree-sitter-0.26.7/binding_rust/lib.rs:1713:12
     |
1713 |     pub fn child(&self, i: u32) -> Option<Self> {
     |            ^^^^^
help: you can convert a `usize` to a `u32` and panic if the converted value doesn't fit
     |
 424 |             if let Some(arg) = args_node.child(i.try_into().unwrap()) {
     |                                                 ++++++++++++++++++++

error[E0308]: mismatched types
    --> src/languages/vue.rs:450:46
     |
 450 |         if let Some(child) = type_args.child(i) {
     |                                        ----- ^ expected `u32`, found `usize`
     |                                        |
     |                                        arguments to this method are incorrect
     |
note: method defined here
    --> /home/e5ash/.cargo/registry/src/index.crates.io-1949cf8c6b5b557f/tree-sitter-0.26.7/binding_rust/lib.rs:1713:12
     |
1713 |     pub fn child(&self, i: u32) -> Option<Self> {
     |            ^^^^^
help: you can convert a `usize` to a `u32` and panic if the converted value doesn't fit
     |
 450 |         if let Some(child) = type_args.child(i.try_into().unwrap()) {
     |                                               ++++++++++++++++++++

error[E0308]: mismatched types
    --> src/languages/vue.rs:461:39
     |
 461 |         if let Some(prop) = obj.child(i) {
     |                                 ----- ^ expected `u32`, found `usize`
     |                                 |
     |                                 arguments to this method are incorrect
     |
note: method defined here
    --> /home/e5ash/.cargo/registry/src/index.crates.io-1949cf8c6b5b557f/tree-sitter-0.26.7/binding_rust/lib.rs:1713:12
     |
1713 |     pub fn child(&self, i: u32) -> Option<Self> {
     |            ^^^^^
help: you can convert a `usize` to a `u32` and panic if the converted value doesn't fit
     |
 461 |         if let Some(prop) = obj.child(i.try_into().unwrap()) {
     |                                        ++++++++++++++++++++

error[E0308]: mismatched types
    --> src/languages/vue.rs:474:53
     |
 474 |                     if let Some(child) = prop.child(j) {
     |                                               ----- ^ expected `u32`, found `usize`
     |                                               |
     |                                               arguments to this method are incorrect
     |
note: method defined here
    --> /home/e5ash/.cargo/registry/src/index.crates.io-1949cf8c6b5b557f/tree-sitter-0.26.7/binding_rust/lib.rs:1713:12
     |
1713 |     pub fn child(&self, i: u32) -> Option<Self> {
     |            ^^^^^
help: you can convert a `usize` to a `u32` and panic if the converted value doesn't fit
     |
 474 |                     if let Some(child) = prop.child(j.try_into().unwrap()) {
     |                                                      ++++++++++++++++++++

error[E0308]: mismatched types
    --> src/languages/vue.rs:502:39
     |
 502 |         if let Some(pair) = obj.child(i) {
     |                                 ----- ^ expected `u32`, found `usize`
     |                                 |
     |                                 arguments to this method are incorrect
     |
note: method defined here
    --> /home/e5ash/.cargo/registry/src/index.crates.io-1949cf8c6b5b557f/tree-sitter-0.26.7/binding_rust/lib.rs:1713:12
     |
1713 |     pub fn child(&self, i: u32) -> Option<Self> {
     |            ^^^^^
help: you can convert a `usize` to a `u32` and panic if the converted value doesn't fit
     |
 502 |         if let Some(pair) = obj.child(i.try_into().unwrap()) {
     |                                        ++++++++++++++++++++

error[E0308]: mismatched types
    --> src/languages/vue.rs:522:67
     |
 522 | ...                   if let Some(inner_pair) = value.child(j) {
     |                                                       ----- ^ expected `u32`, found `usize`
     |                                                       |
     |                                                       arguments to this method are incorrect
     |
note: method defined here
    --> /home/e5ash/.cargo/registry/src/index.crates.io-1949cf8c6b5b557f/tree-sitter-0.26.7/binding_rust/lib.rs:1713:12
     |
1713 |     pub fn child(&self, i: u32) -> Option<Self> {
     |            ^^^^^
help: you can convert a `usize` to a `u32` and panic if the converted value doesn't fit
     |
 522 |                             if let Some(inner_pair) = value.child(j.try_into().unwrap()) {
     |                                                                    ++++++++++++++++++++

error[E0308]: mismatched types
    --> src/languages/vue.rs:562:39
     |
 562 |         if let Some(item) = arr.child(i) {
     |                                 ----- ^ expected `u32`, found `usize`
     |                                 |
     |                                 arguments to this method are incorrect
     |
note: method defined here
    --> /home/e5ash/.cargo/registry/src/index.crates.io-1949cf8c6b5b557f/tree-sitter-0.26.7/binding_rust/lib.rs:1713:12
     |
1713 |     pub fn child(&self, i: u32) -> Option<Self> {
     |            ^^^^^
help: you can convert a `usize` to a `u32` and panic if the converted value doesn't fit
     |
 562 |         if let Some(item) = arr.child(i.try_into().unwrap()) {
     |                                        ++++++++++++++++++++

error[E0308]: mismatched types
    --> src/languages/vue.rs:579:48
     |
 579 |         if let Some(pair) = defaults_obj.child(i) {
     |                                          ----- ^ expected `u32`, found `usize`
     |                                          |
     |                                          arguments to this method are incorrect
     |
note: method defined here
    --> /home/e5ash/.cargo/registry/src/index.crates.io-1949cf8c6b5b557f/tree-sitter-0.26.7/binding_rust/lib.rs:1713:12
     |
1713 |     pub fn child(&self, i: u32) -> Option<Self> {
     |            ^^^^^
help: you can convert a `usize` to a `u32` and panic if the converted value doesn't fit
     |
 579 |         if let Some(pair) = defaults_obj.child(i.try_into().unwrap()) {
     |                                                 ++++++++++++++++++++

error[E0308]: mismatched types
    --> src/languages/vue.rs:606:41
     |
 606 |         if let Some(child) = node.child(i) {
     |                                   ----- ^ expected `u32`, found `usize`
     |                                   |
     |                                   arguments to this method are incorrect
     |
note: method defined here
    --> /home/e5ash/.cargo/registry/src/index.crates.io-1949cf8c6b5b557f/tree-sitter-0.26.7/binding_rust/lib.rs:1713:12
     |
1713 |     pub fn child(&self, i: u32) -> Option<Self> {
     |            ^^^^^
help: you can convert a `usize` to a `u32` and panic if the converted value doesn't fit
     |
 606 |         if let Some(child) = node.child(i.try_into().unwrap()) {
     |                                          ++++++++++++++++++++

error[E0308]: mismatched types
    --> src/languages/vue.rs:615:44
     |
 615 |             if let Some(pair) = node.child(i) {
     |                                      ----- ^ expected `u32`, found `usize`
     |                                      |
     |                                      arguments to this method are incorrect
     |
note: method defined here
    --> /home/e5ash/.cargo/registry/src/index.crates.io-1949cf8c6b5b557f/tree-sitter-0.26.7/binding_rust/lib.rs:1713:12
     |
1713 |     pub fn child(&self, i: u32) -> Option<Self> {
     |            ^^^^^
help: you can convert a `usize` to a `u32` and panic if the converted value doesn't fit
     |
 615 |             if let Some(pair) = node.child(i.try_into().unwrap()) {
     |                                             ++++++++++++++++++++

error[E0308]: mismatched types
    --> src/languages/vue.rs:702:55
     |
 702 |                         if let Some(arg) = args.child(i) {
     |                                                 ----- ^ expected `u32`, found `usize`
     |                                                 |
     |                                                 arguments to this method are incorrect
     |
note: method defined here
    --> /home/e5ash/.cargo/registry/src/index.crates.io-1949cf8c6b5b557f/tree-sitter-0.26.7/binding_rust/lib.rs:1713:12
     |
1713 |     pub fn child(&self, i: u32) -> Option<Self> {
     |            ^^^^^
help: you can convert a `usize` to a `u32` and panic if the converted value doesn't fit
     |
 702 |                         if let Some(arg) = args.child(i.try_into().unwrap()) {
     |                                                        ++++++++++++++++++++

error[E0308]: mismatched types
    --> src/languages/vue.rs:714:41
     |
 714 |         if let Some(child) = node.child(i) {
     |                                   ----- ^ expected `u32`, found `usize`
     |                                   |
     |                                   arguments to this method are incorrect
     |
note: method defined here
    --> /home/e5ash/.cargo/registry/src/index.crates.io-1949cf8c6b5b557f/tree-sitter-0.26.7/binding_rust/lib.rs:1713:12
     |
1713 |     pub fn child(&self, i: u32) -> Option<Self> {
     |            ^^^^^
help: you can convert a `usize` to a `u32` and panic if the converted value doesn't fit
     |
 714 |         if let Some(child) = node.child(i.try_into().unwrap()) {
     |                                          ++++++++++++++++++++

error[E0308]: mismatched types
    --> src/languages/vue.rs:723:46
     |
 723 |         if let Some(child) = type_args.child(i) {
     |                                        ----- ^ expected `u32`, found `usize`
     |                                        |
     |                                        arguments to this method are incorrect
     |
note: method defined here
    --> /home/e5ash/.cargo/registry/src/index.crates.io-1949cf8c6b5b557f/tree-sitter-0.26.7/binding_rust/lib.rs:1713:12
     |
1713 |     pub fn child(&self, i: u32) -> Option<Self> {
     |            ^^^^^
help: you can convert a `usize` to a `u32` and panic if the converted value doesn't fit
     |
 723 |         if let Some(child) = type_args.child(i.try_into().unwrap()) {
     |                                               ++++++++++++++++++++

error[E0308]: mismatched types
    --> src/languages/vue.rs:733:39
     |
 733 |         if let Some(item) = obj.child(i) {
     |                                 ----- ^ expected `u32`, found `usize`
     |                                 |
     |                                 arguments to this method are incorrect
     |
note: method defined here
    --> /home/e5ash/.cargo/registry/src/index.crates.io-1949cf8c6b5b557f/tree-sitter-0.26.7/binding_rust/lib.rs:1713:12
     |
1713 |     pub fn child(&self, i: u32) -> Option<Self> {
     |            ^^^^^
help: you can convert a `usize` to a `u32` and panic if the converted value doesn't fit
     |
 733 |         if let Some(item) = obj.child(i.try_into().unwrap()) {
     |                                        ++++++++++++++++++++

error[E0308]: mismatched types
    --> src/languages/vue.rs:759:41
     |
 759 |         if let Some(child) = node.child(i) {
     |                                   ----- ^ expected `u32`, found `usize`
     |                                   |
     |                                   arguments to this method are incorrect
     |
note: method defined here
    --> /home/e5ash/.cargo/registry/src/index.crates.io-1949cf8c6b5b557f/tree-sitter-0.26.7/binding_rust/lib.rs:1713:12
     |
1713 |     pub fn child(&self, i: u32) -> Option<Self> {
     |            ^^^^^
help: you can convert a `usize` to a `u32` and panic if the converted value doesn't fit
     |
 759 |         if let Some(child) = node.child(i.try_into().unwrap()) {
     |                                          ++++++++++++++++++++

error[E0308]: mismatched types
    --> src/languages/vue.rs:767:39
     |
 767 |         if let Some(item) = arr.child(i) {
     |                                 ----- ^ expected `u32`, found `usize`
     |                                 |
     |                                 arguments to this method are incorrect
     |
note: method defined here
    --> /home/e5ash/.cargo/registry/src/index.crates.io-1949cf8c6b5b557f/tree-sitter-0.26.7/binding_rust/lib.rs:1713:12
     |
1713 |     pub fn child(&self, i: u32) -> Option<Self> {
     |            ^^^^^
help: you can convert a `usize` to a `u32` and panic if the converted value doesn't fit
     |
 767 |         if let Some(item) = arr.child(i.try_into().unwrap()) {
     |                                        ++++++++++++++++++++

error[E0308]: mismatched types
    --> src/languages/vue.rs:785:41
     |
 785 |         if let Some(child) = node.child(i) {
     |                                   ----- ^ expected `u32`, found `usize`
     |                                   |
     |                                   arguments to this method are incorrect
     |
note: method defined here
    --> /home/e5ash/.cargo/registry/src/index.crates.io-1949cf8c6b5b557f/tree-sitter-0.26.7/binding_rust/lib.rs:1713:12
     |
1713 |     pub fn child(&self, i: u32) -> Option<Self> {
     |            ^^^^^
help: you can convert a `usize` to a `u32` and panic if the converted value doesn't fit
     |
 785 |         if let Some(child) = node.child(i.try_into().unwrap()) {
     |                                          ++++++++++++++++++++

error[E0308]: mismatched types
    --> src/languages/vue.rs:794:44
     |
 794 |             if let Some(pair) = node.child(i) {
     |                                      ----- ^ expected `u32`, found `usize`
     |                                      |
     |                                      arguments to this method are incorrect
     |
note: method defined here
    --> /home/e5ash/.cargo/registry/src/index.crates.io-1949cf8c6b5b557f/tree-sitter-0.26.7/binding_rust/lib.rs:1713:12
     |
1713 |     pub fn child(&self, i: u32) -> Option<Self> {
     |            ^^^^^
help: you can convert a `usize` to a `u32` and panic if the converted value doesn't fit
     |
 794 |             if let Some(pair) = node.child(i.try_into().unwrap()) {
     |                                             ++++++++++++++++++++

For more information about this error, try `rustc --explain E0308`.
warning: `gofer` (bin "gofer") generated 2 warnings
error: could not compile `gofer` (bin "gofer") due to 80 previous errors; 2 warnings emitted
